
Gurobi 13.0.3 (win64) logging started Tue Sep  8 21:27:29 2026

Set parameter LogFile to value "results\gurobi_logs\optimal\C01\wt_sds_1_n60.log"
Gurobi Optimizer version 13.0.3 build v13.0.3rc0 (win64 - Windows 10.0 (19045.2))

CPU model: Intel(R) Core(TM) i7-6700 CPU @ 3.40GHz, instruction set [SSE2|AVX|AVX2]
Thread count: 4 physical cores, 8 logical processors, using up to 8 threads

Non-default parameters:
MIPGap  0

Optimize a model with 417960 rows, 212580 columns and 1260600 nonzeros (Min)
Model fingerprint: 0x17f2ac04
Model has 54 linear objective coefficients
Variable types: 120 continuous, 212460 integer (212460 binary)
Coefficient statistics:
  Matrix range     [1e+00, 9e+03]
  Objective range  [1e+00, 1e+01]
  Bounds range     [1e+00, 9e+03]
  RHS range        [1e+00, 9e+03]

Loaded user MIP start with objective 2442

Presolve removed 6 rows and 6 columns
Presolve time: 2.33s
Presolved: 417954 rows, 212574 columns, 1260588 nonzeros
Variable types: 114 continuous, 212460 integer (212460 binary)

Deterministic concurrent LP optimizer: primal simplex, dual simplex, and barrier
Showing barrier log only...

Root barrier log...

Ordering time: 3.82s

Barrier performed 0 iterations in 11.94 seconds (5.76 work units)
Barrier solve interrupted - model solved by another algorithm

Concurrent spin time: 4.94s (can be avoided by choosing Method=3)

Solved with dual simplex

Root relaxation: objective 0.000000e+00, 1186 iterations, 7.68 seconds (1.40 work units)

    Nodes    |    Current Node    |     Objective Bounds      |     Work
 Expl Unexpl |  Obj  Depth IntInf | Incumbent    BestBd   Gap | It/Node Time

     0     0    0.00000    0  184 2442.00000    0.00000   100%     -   17s
     0     0    0.00000    0  216 2442.00000    0.00000   100%     -   25s
     0     0    0.00000    0  244 2442.00000    0.00000   100%     -   33s
     0     0    0.00000    0  244 2442.00000    0.00000   100%     -   46s
     0     0    0.00000    0  223 2442.00000    0.00000   100%     -   54s
     0     0    0.00000    0  223 2442.00000    0.00000   100%     -   60s
     0     0    0.00000    0  199 2442.00000    0.00000   100%     -   68s
     0     0    0.00000    0  199 2442.00000    0.00000   100%     -   81s
     0     0    0.00000    0  199 2442.00000    0.00000   100%     -   82s
     0     0    0.00000    0  199 2442.00000    0.00000   100%     -  104s
     0     2    0.00000    0  199 2442.00000    0.00000   100%     -  219s
     1     4    0.00000    1  181 2442.00000    0.00000   100%   249  221s
     3     8    0.00000    2  169 2442.00000    0.00000   100%   452  226s
    11    28    0.00000    4  121 2442.00000    0.00000   100%   362  237s
    27    33    0.00000    7  135 2442.00000    0.00000   100%   533  251s
    32    40    0.00000    8  224 2442.00000    0.00000   100%   627  267s
    39    59    0.00000    9  138 2442.00000    0.00000   100%   542  296s
    58   112    0.00000   10  184 2442.00000    0.00000   100%   704  338s
   111   293    0.00000   11  151 2442.00000    0.00000   100%   482  422s
   294   436    0.00000   32  140 2442.00000    0.00000   100%   387  457s
   494   450  534.00000   69   25 2442.00000    0.00000   100%   279  496s
   547   497  534.00000   70   26 2442.00000    0.00000   100%   253  513s
   747   513 infeasible   74      2442.00000    0.00000   100%   194  528s
   947   528 infeasible   76      2442.00000    0.00000   100%   156  541s
  1147   583    0.00000   58   99 2442.00000    0.00000   100%   132  559s
  1347   659    0.00000  108   53 2442.00000    0.00000   100%   119  574s
  1547   715    0.00000   46   74 2442.00000    0.00000   100%   107  595s
  1715   795    0.00000   75   46 2442.00000    0.00000   100%   110  613s
  1915   836 2013.00000   91   40 2442.00000    0.00000   100%   103  629s
  2116   837    0.00000   82  199 2442.00000    0.00000   100%  96.2  657s
  2118   838  615.00000   68  212 2442.00000    0.00000   100%  96.1  704s
  2119   839    0.00000   49  297 2442.00000    0.00000   100%  96.1  764s
  2120   840 2366.00000   78  224 2442.00000    0.00000   100%  96.0  810s
  2121   840    0.00000   62  204 2442.00000    0.00000   100%  96.0  851s
  2122   841    0.00000    6  301 2442.00000    0.00000   100%  95.9  876s
  2123   842    0.00000   52  283 2442.00000    0.00000   100%  95.9  939s
  2124   842    0.00000   49  216 2442.00000    0.00000   100%  95.8  948s
  2125   843  503.00000   73  236 2442.00000    0.00000   100%  95.8  968s
  2126   844    0.00000   76  244 2442.00000    0.00000   100%  95.7  981s
  2127   844    0.00000   23  241 2442.00000    0.00000   100%  95.7 1000s
  2128   845    0.00000   61  252 2442.00000    0.00000   100%  95.7 1011s
  2129   846    0.00000    7  263 2442.00000    0.00000   100%  95.6 1187s
  2130   846    0.00000   16  236 2442.00000    0.00000   100%  95.6 1212s
  2131   847    0.00000   50  260 2442.00000    0.00000   100%  95.5 1238s
  2132   848  476.00000   81  239 2442.00000    0.00000   100%  95.5 1255s
  2133   848    0.00000  108  274 2442.00000    0.00000   100%  95.4 1278s
  2134   849    0.00000   78  244 2442.00000    0.00000   100%  95.4 1295s
  2135   850    0.00000   14  267 2442.00000    0.00000   100%  95.3 1314s
  2136   850    0.00000   83  267 2442.00000    0.00000   100%  95.3 1324s
  2137   851  648.00000   70  267 2442.00000    0.00000   100%  95.3 1337s
  2138   855    0.00000   12  204 2442.00000    0.00000   100%   129 1440s
  2140   858    0.00000   13  194 2442.00000    0.00000   100%   129 1448s
  2144   861    0.00000   14  186 2442.00000    0.00000   100%   131 1451s
  2148   881    0.00000   15  122 2442.00000    0.00000   100%   131 1470s
  2170   902    0.00000   18  157 2442.00000    0.00000   100%   135 1506s
  2199   961    0.00000   23  190 2442.00000    0.00000   100%   142 1569s
  2274   991    0.00000   32  157 2442.00000    0.00000   100%   158 1790s
  2344  1148    0.00000   41  134 2442.00000    0.00000   100%   176 1964s
  2544  1195    0.00000   68  136 2442.00000    0.00000   100%   189 2119s
  2663  1308    0.00000   85   89 2442.00000    0.00000   100%   233 2282s
  2863  1265    0.00000  112   67 2442.00000    0.00000   100%   236 2339s

Cutting planes:
  Gomory: 2
  Implied bound: 14
  MIR: 1
  Flow cover: 35
  Zero half: 9
  RLT: 1014
  PSD: 6

Explored 2919 nodes (726889 simplex iterations) in 2339.45 seconds (2498.90 work units)
Thread count was 8 (of 8 available processors)

Solution count 1: 2442 

Solve interrupted
Best objective 2.442000000000e+03, best bound 0.000000000000e+00, gap 100.0000%

Gurobi 13.0.3 (win64) logging started Tue Sep  8 22:19:19 2026

Set parameter LogFile to value "results\gurobi_logs\optimal\C01\wt_sds_1_n60.log"
Gurobi Optimizer version 13.0.3 build v13.0.3rc0 (win64 - Windows 10.0 (19045.2))

CPU model: Intel(R) Core(TM) i7-6700 CPU @ 3.40GHz, instruction set [SSE2|AVX|AVX2]
Thread count: 4 physical cores, 8 logical processors, using up to 8 threads

Non-default parameters:
MIPGap  0

Optimize a model with 417960 rows, 212580 columns and 1260600 nonzeros (Min)
Model fingerprint: 0x17f2ac04
Model has 54 linear objective coefficients
Variable types: 120 continuous, 212460 integer (212460 binary)
Coefficient statistics:
  Matrix range     [1e+00, 9e+03]
  Objective range  [1e+00, 1e+01]
  Bounds range     [1e+00, 9e+03]
  RHS range        [1e+00, 9e+03]

Loaded user MIP start with objective 2442

Presolve removed 6 rows and 6 columns
Presolve time: 2.23s
Presolved: 417954 rows, 212574 columns, 1260588 nonzeros
Variable types: 114 continuous, 212460 integer (212460 binary)

Deterministic concurrent LP optimizer: primal simplex, dual simplex, and barrier
Showing barrier log only...

Root barrier log...

Ordering time: 3.22s

Barrier performed 0 iterations in 11.25 seconds (5.76 work units)
Barrier solve interrupted - model solved by another algorithm

Concurrent spin time: 4.30s (can be avoided by choosing Method=3)

Solved with dual simplex

Root relaxation: objective 0.000000e+00, 1186 iterations, 7.13 seconds (1.40 work units)

    Nodes    |    Current Node    |     Objective Bounds      |     Work
 Expl Unexpl |  Obj  Depth IntInf | Incumbent    BestBd   Gap | It/Node Time

     0     0    0.00000    0  184 2442.00000    0.00000   100%     -   15s
     0     0    0.00000    0  216 2442.00000    0.00000   100%     -   22s
     0     0    0.00000    0  244 2442.00000    0.00000   100%     -   29s
     0     0    0.00000    0  244 2442.00000    0.00000   100%     -   39s
     0     0    0.00000    0  223 2442.00000    0.00000   100%     -   46s
     0     0    0.00000    0  223 2442.00000    0.00000   100%     -   52s
     0     0    0.00000    0  199 2442.00000    0.00000   100%     -   59s
     0     0    0.00000    0  199 2442.00000    0.00000   100%     -   70s
     0     0    0.00000    0  199 2442.00000    0.00000   100%     -   70s
     0     0    0.00000    0  199 2442.00000    0.00000   100%     -   90s
     0     2    0.00000    0  199 2442.00000    0.00000   100%     -  196s
     3     8    0.00000    2  169 2442.00000    0.00000   100%   452  202s
    11    28    0.00000    4  121 2442.00000    0.00000   100%   362  211s
    27    33    0.00000    7  135 2442.00000    0.00000   100%   533  223s
    32    40    0.00000    8  224 2442.00000    0.00000   100%   627  237s
    39    59    0.00000    9  138 2442.00000    0.00000   100%   542  262s
    58   112    0.00000   10  184 2442.00000    0.00000   100%   704  297s
   111   293    0.00000   11  151 2442.00000    0.00000   100%   482  368s
   294   436    0.00000   32  140 2442.00000    0.00000   100%   387  400s
   494   450  534.00000   69   25 2442.00000    0.00000   100%   279  433s
   547   497  534.00000   70   26 2442.00000    0.00000   100%   253  448s
   747   513 infeasible   74      2442.00000    0.00000   100%   194  461s
   947   528 infeasible   76      2442.00000    0.00000   100%   156  473s
  1147   583    0.00000   58   99 2442.00000    0.00000   100%   132  489s
  1347   659    0.00000  108   53 2442.00000    0.00000   100%   119  503s
  1547   715    0.00000   46   74 2442.00000    0.00000   100%   107  521s
  1715   795    0.00000   75   46 2442.00000    0.00000   100%   110  537s
  1915   836 2013.00000   91   40 2442.00000    0.00000   100%   103  551s
  2116   837    0.00000   82  199 2442.00000    0.00000   100%  96.2  573s
  2118   838  615.00000   68  212 2442.00000    0.00000   100%  96.1  615s
  2119   839    0.00000   49  297 2442.00000    0.00000   100%  96.1  667s
  2120   840 2366.00000   78  224 2442.00000    0.00000   100%  96.0  703s
  2121   840    0.00000   62  204 2442.00000    0.00000   100%  96.0  739s
  2122   841    0.00000    6  301 2442.00000    0.00000   100%  95.9  761s
  2123   842    0.00000   52  283 2442.00000    0.00000   100%  95.9  814s
  2124   842    0.00000   49  216 2442.00000    0.00000   100%  95.8  821s
  2125   843  503.00000   73  236 2442.00000    0.00000   100%  95.8  838s
  2126   844    0.00000   76  244 2442.00000    0.00000   100%  95.7  848s
  2127   844    0.00000   23  241 2442.00000    0.00000   100%  95.7  863s
  2128   845    0.00000   61  252 2442.00000    0.00000   100%  95.7  872s
  2129   846    0.00000    7  263 2442.00000    0.00000   100%  95.6 1017s
  2130   846    0.00000   16  236 2442.00000    0.00000   100%  95.6 1046s
  2131   847    0.00000   50  260 2442.00000    0.00000   100%  95.5 1067s
  2132   848  476.00000   81  239 2442.00000    0.00000   100%  95.5 1081s
  2133   848    0.00000  108  274 2442.00000    0.00000   100%  95.4 1100s
  2134   849    0.00000   78  244 2442.00000    0.00000   100%  95.4 1114s
  2135   850    0.00000   14  267 2442.00000    0.00000   100%  95.3 1129s
  2136   850    0.00000   83  267 2442.00000    0.00000   100%  95.3 1139s
  2137   851  648.00000   70  267 2442.00000    0.00000   100%  95.3 1150s
  2138   855    0.00000   12  204 2442.00000    0.00000   100%   129 1245s
  2140   858    0.00000   13  194 2442.00000    0.00000   100%   129 1251s
  2148   881    0.00000   15  122 2442.00000    0.00000   100%   131 1269s
  2170   902    0.00000   18  157 2442.00000    0.00000   100%   135 1299s
  2199   961    0.00000   23  190 2442.00000    0.00000   100%   142 1356s
  2274   991    0.00000   32  157 2442.00000    0.00000   100%   158 1535s
  2344  1148    0.00000   41  134 2442.00000    0.00000   100%   176 1672s
  2544  1195    0.00000   68  136 2442.00000    0.00000   100%   189 1792s
  2663  1308    0.00000   85   89 2442.00000    0.00000   100%   233 1915s
  2863  1329    0.00000  112   67 2442.00000    0.00000   100%   236 2046s
  3063  1354    0.00000  138   69 2442.00000    0.00000   100%   241 2159s
  3222  1301 infeasible  160      2442.00000    0.00000   100%   261 66172s
H 3234  1264                    2412.0000000    0.00000   100%   261 66297s
  3253  1329 infeasible  158      2412.00000    0.00000   100%   263 66385s
  3453  1302    0.00000  156   57 2412.00000    0.00000   100%   274 66738s
  3636  1315    0.00000  174   41 2412.00000    0.00000   100%   273 66792s
  3836  1310 infeasible  165      2412.00000    0.00000   100%   273 66875s
  4036  1230   62.00000  176   35 2412.00000    0.00000   100%   271 66955s
  4236  1272    0.00000  140   48 2412.00000    0.00000   100%   271 67024s
  4436  1326    0.00000  190   53 2412.00000    0.00000   100%   269 67095s
  4636  1352    0.00000  178   36 2412.00000    0.00000   100%   272 67180s
  4836  1377 infeasible  191      2412.00000    0.00000   100%   274 67223s

Cutting planes:
  Gomory: 2
  Implied bound: 14
  MIR: 1
  Flow cover: 35
  Zero half: 9
  RLT: 1014
  PSD: 6

Explored 4933 nodes (1389123 simplex iterations) in 67223.85 seconds (4120.01 work units)
Thread count was 8 (of 8 available processors)

Solution count 2: 2412 2442 

Solve interrupted
Best objective 2.412000000000e+03, best bound 0.000000000000e+00, gap 100.0000%
