
Gurobi 13.0.3 (win64) logging started Tue Sep  8 20:57:07 2026

Set parameter LogFile to value "results\gurobi_logs\wt_sds_21.log"
Gurobi Optimizer version 13.0.3 build v13.0.3rc0 (win64 - Windows 10.0 (19045.2))

CPU model: Intel(R) Core(TM) i7-6700 CPU @ 3.40GHz, instruction set [SSE2|AVX|AVX2]
Thread count: 4 physical cores, 8 logical processors, using up to 8 threads

Non-default parameters:
TimeLimit  300
MIPGap  0

Optimize a model with 417960 rows, 212580 columns and 1260600 nonzeros (Min)
Model fingerprint: 0x04191143
Model has 54 linear objective coefficients
Variable types: 120 continuous, 212460 integer (212460 binary)
Coefficient statistics:
  Matrix range     [1e+00, 9e+03]
  Objective range  [1e+00, 1e+01]
  Bounds range     [1e+00, 9e+03]
  RHS range        [1e+00, 9e+03]

Loaded user MIP start with objective 3736

Presolve removed 6 rows and 6 columns
Presolve time: 2.27s
Presolved: 417954 rows, 212574 columns, 1260588 nonzeros
Variable types: 114 continuous, 212460 integer (212460 binary)

Deterministic concurrent LP optimizer: primal simplex, dual simplex, and barrier
Showing barrier log only...

Root barrier log...


Barrier performed 0 iterations in 6.22 seconds (4.52 work units)
Optimization interrupted



Root relaxation: interrupted, 131 iterations, 2.13 seconds (0.77 work units)

    Nodes    |    Current Node    |     Objective Bounds      |     Work
 Expl Unexpl |  Obj  Depth IntInf | Incumbent    BestBd   Gap | It/Node Time

     0     0          -    0      3736.00000    0.00000   100%     -    6s

Explored 1 nodes (131 simplex iterations) in 6.31 seconds (4.43 work units)
Thread count was 8 (of 8 available processors)

Solution count 1: 3736 

Solve interrupted
Best objective 3.736000000000e+03, best bound 0.000000000000e+00, gap 100.0000%
